<html>
<body>
<pre>
<h1>µVision Build Log</h1>
<h2>Tool Versions:</h2>
IDE-Version: µVision V5.37.0.0
Copyright (C) 2022 ARM Ltd and ARM Germany GmbH. All rights reserved.
License Information: teo amz, s, LIC=----
 
Tool Versions:
Toolchain:       MDK-Lite  Version: 5.37.0.0
Toolchain Path:  C:\Keil_v5\ARM\ARMCLANG\Bin
C Compiler:      ArmClang.exe V6.18
Assembler:       Armasm.exe V6.18
Linker/Locator:  ArmLink.exe V6.18
Library Manager: ArmAr.exe V6.18
Hex Converter:   FromElf.exe V6.18
CPU DLL:         SARMCM3.DLL V5.37.0.0
Dialog DLL:      DARMCM1.DLL V1.19.6.0
Target DLL:      CMSIS_AGDI.dll V1.33.12.0
Dialog DLL:      TARMCM1.DLL V1.14.6.0
 
<h2>Project:</h2>
C:\Users\Teoo\Desktop\MCProject\keil uvision\MCProject.uvprojx
Project File Date:  12/01/2022

<h2>Output:</h2>
*** Using Compiler 'V6.18', folder: 'C:\Keil_v5\ARM\ARMCLANG\Bin'
Rebuild target 'Target 1'
Code/main.c(2): warning: In file included from...
Code/Uart.h(3): warning: // comments are not allowed in this language [-Wcomment]
void UART0_Transmit(uint8_t data); // Functie folostia pentru a trimite un octet catre interfata UART
                                   ^
Code/main.c(3): warning: In file included from...
Code/gpio.h(3): warning: no newline at end of file [-Wnewline-eof]
void RGBLed_Init(void);
                       ^
2 warnings generated.
compiling main.c...
compiling system_MKL25Z4.c...
Code/gpio.c(1): warning: In file included from...
Code/gpio.h(3): warning: no newline at end of file [-Wnewline-eof]
void RGBLed_Init(void);
                       ^
Code/gpio.c(3): warning: // comments are not allowed in this language [-Wcomment]
#define RED_LED_PIN (18) // PORT B
                         ^
Code/gpio.c(36): warning: no newline at end of file [-Wnewline-eof]
}
 ^
3 warnings generated.
compiling gpio.c...
Code/Uart.c(1): warning: In file included from...
Code/Uart.h(3): warning: // comments are not allowed in this language [-Wcomment]
void UART0_Transmit(uint8_t data); // Functie folostia pentru a trimite un octet catre interfata UART
                                   ^
Code/Uart.c(12): warning: // comments are not allowed in this language [-Wcomment]
        //Punem in asteptare pana cand registrul de transmisie a datelor nu este gol
        ^
Code/Uart.c(18): warning: no previous prototype for function 'UART0_receive' [-Wmissing-prototypes]
uint8_t UART0_receive(void)
        ^
Code/Uart.c(18): note: declare 'static' if the function is not intended to be used outside of this translation unit
uint8_t UART0_receive(void)
^
static 
Code/Uart.c(51): warning: mixing declarations and code is a C99 extension [-Wdeclaration-after-statement]
        uint32_t osr = 15; // Over-Sampling Rate (numarul de esantioane luate per bit-time)
                 ^
Code/Uart.c(3): warning: no previous extern declaration for non-static variable 'c' [-Wmissing-variable-declarations]
char c; 
     ^
Code/Uart.c(3): note: declare 'static' if the variable is not intended to be used outside of this translation unit
char c; 
^
Code/Uart.c(4): warning: no previous extern declaration for non-static variable 'buffer' [-Wmissing-variable-declarations]
char buffer[32];
     ^
Code/Uart.c(4): note: declare 'static' if the variable is not intended to be used outside of this translation unit
char buffer[32];
^
Code/Uart.c(6): warning: no previous extern declaration for non-static variable 'write' [-Wmissing-variable-declarations]
int write, read;
    ^
Code/Uart.c(6): note: declare 'static' if the variable is not intended to be used outside of this translation unit
int write, read;
^
Code/Uart.c(6): warning: no previous extern declaration for non-static variable 'read' [-Wmissing-variable-declarations]
int write, read;
           ^
Code/Uart.c(6): note: declare 'static' if the variable is not intended to be used outside of this translation unit
int write, read;
^
Code/Uart.c(7): warning: no previous extern declaration for non-static variable 'print_buffer' [-Wmissing-variable-declarations]
int print_buffer;
    ^
Code/Uart.c(7): note: declare 'static' if the variable is not intended to be used outside of this translation unit
int print_buffer;
^
Code/Uart.c(8): warning: no previous extern declaration for non-static variable 'full' [-Wmissing-variable-declarations]
int full;
    ^
Code/Uart.c(8): note: declare 'static' if the variable is not intended to be used outside of this translation unit
int full;
^
10 warnings generated.
compiling Uart.c...
assembling startup_MKL25Z4.s...
Code/Adc.c(2): warning: In file included from...
Code/Uart.h(3): warning: // comments are not allowed in this language [-Wcomment]
void UART0_Transmit(uint8_t data); // Functie folostia pentru a trimite un octet catre interfata UART
                                   ^
Code/Adc.c(5): warning: // comments are not allowed in this language [-Wcomment]
#define ROTATION_SENSOR_CH (13) // PORT C PIN 2
                                ^
Code/Adc.c(83): warning: mixing declarations and code is a C99 extension [-Wdeclaration-after-statement]
        uint16_t calibration_var = 0x0000;
                 ^
3 warnings generated.
compiling Adc.c...
linking...
Program Size: Code=7192 RO-data=400 RW-data=0 ZI-data=408  
".\Objects\MCProject.axf" - 0 Error(s), 18 Warning(s).

<h2>Software Packages used:</h2>

Package Vendor: ARM
                http://www.keil.com/pack/ARM.CMSIS.5.9.0.pack
                ARM.CMSIS.5.9.0
                CMSIS (Common Microcontroller Software Interface Standard)
   * Component: CORE Version: 5.6.0

Package Vendor: Keil
                http://www.keil.com/pack/Keil.Kinetis_KLxx_DFP.1.15.0.pack
                Keil.Kinetis_KLxx_DFP.1.15.0
                NXP Kinetis KLxx Series Device Support and Examples
   * Component: Startup Version: 2.5.0

<h2>Collection of Component include folders:</h2>
  ./RTE/Device/MKL25Z128xxx4
  ./RTE/_Target_1
  C:/Users/Teoo/AppData/Local/Arm/Packs/ARM/CMSIS/5.9.0/CMSIS/Core/Include
  C:/Users/Teoo/AppData/Local/Arm/Packs/Keil/Kinetis_KLxx_DFP/1.15.0/Device/Include

<h2>Collection of Component Files used:</h2>

   * Component: ARM::CMSIS:CORE:5.6.0

   * Component: Keil::Device:Startup:2.5.0
      Source file:   Device/Source/ARM/startup_MKL25Z4.s
      Include file:  Device/Source/system_MKL25Z4.h
      Source file:   Device/Source/system_MKL25Z4.c
Build Time Elapsed:  00:00:00
</pre>
</body>
</html>
