<html>
<body>
<pre>
<h1>µVision Build Log</h1>
<h2>Tool Versions:</h2>
IDE-Version: µVision V5.37.0.0
Copyright (C) 2022 ARM Ltd and ARM Germany GmbH. All rights reserved.
License Information: teo amz, s, LIC=----
 
Tool Versions:
Toolchain:       MDK-Lite  Version: 5.37.0.0
Toolchain Path:  C:\Keil_v5\ARM\ARMCLANG\Bin
C Compiler:      ArmClang.exe V6.18
Assembler:       Armasm.exe V6.18
Linker/Locator:  ArmLink.exe V6.18
Library Manager: ArmAr.exe V6.18
Hex Converter:   FromElf.exe V6.18
CPU DLL:         SARMCM3.DLL V5.37.0.0
Dialog DLL:      DARMCM1.DLL V1.19.6.0
Target DLL:      CMSIS_AGDI.dll V1.33.12.0
Dialog DLL:      TARMCM1.DLL V1.14.6.0
 
<h2>Project:</h2>
C:\Users\Teoo\Desktop\MCProject\MCProject.uvprojx
Project File Date:  11/23/2022

<h2>Output:</h2>
*** Using Compiler 'V6.18', folder: 'C:\Keil_v5\ARM\ARMCLANG\Bin'
Build target 'Target 1'
Code/Adc.c(2): warning: In file included from...
Code/Uart.h(11): warning: // comments are not allowed in this language [-Wcomment]
void UART0_Transmit(uint8_t data); // Functie folostia pentru a trimite un octet catre interfata UART
                                   ^
Code/Adc.c(4): warning: // comments are not allowed in this language [-Wcomment]
#define ROTATION_SENSOR_CH (13) // PORT C PIN 2
                                ^
Code/Adc.c(75): warning: mixing declarations and code is a C99 extension [-Wdeclaration-after-statement]
        uint16_t calibration_var = 0x0000;
                 ^
Code/Adc.c(167): warning: declaration shadows a variable in the global scope [-Wshadow]
        uint16_t c;
                 ^
Code/Uart.h(3): note: previous declaration is here
extern char c;
            ^
Code/Adc.c(146): warning: mixing declarations and code is a C99 extension [-Wdeclaration-after-statement]
        uint16_t analog_input = (uint16_t) ADC0->R[0];
                 ^
Code/Adc.c(167): warning: unused variable 'c' [-Wunused-variable]
        uint16_t c;
                 ^
Code/Adc.c(137): warning: no previous prototype for function 'SND_SensorRez' [-Wmissing-prototypes]
void SND_SensorRez(){
     ^
Code/Adc.c(137): note: declare 'static' if the function is not intended to be used outside of this translation unit
void SND_SensorRez(){
^
static 
Code/Adc.c(137): warning: this old-style function definition is not preceded by a prototype [-Wstrict-prototypes]
void SND_SensorRez(){
                  ^
Code/Adc.c(202): warning: declaration shadows a variable in the global scope [-Wshadow]
        uint16_t c;
                 ^
Code/Uart.h(3): note: previous declaration is here
extern char c;
            ^
Code/Adc.c(195): warning: mixing declarations and code is a C99 extension [-Wdeclaration-after-statement]
        uint16_t analog_input = (uint16_t) ADC0->R[0];
                 ^
Code/Adc.c(202): warning: unused variable 'c' [-Wunused-variable]
        uint16_t c;
                 ^
Code/Adc.c(186): warning: no previous prototype for function 'ROT_SensorRez' [-Wmissing-prototypes]
void ROT_SensorRez(){
     ^
Code/Adc.c(186): note: declare 'static' if the function is not intended to be used outside of this translation unit
void ROT_SensorRez(){
^
static 
Code/Adc.c(186): warning: this old-style function definition is not preceded by a prototype [-Wstrict-prototypes]
void ROT_SensorRez(){
                  ^
Code/Adc.c(7): warning: no previous extern declaration for non-static variable 'switched' [-Wmissing-variable-declarations]
uint16_t switched;
         ^
Code/Adc.c(7): note: declare 'static' if the variable is not intended to be used outside of this translation unit
uint16_t switched;
^
14 warnings generated.
compiling Adc.c...
linking...
Program Size: Code=2228 RO-data=212 RW-data=0 ZI-data=408  
".\Objects\MCProject.axf" - 0 Error(s), 14 Warning(s).

<h2>Software Packages used:</h2>

Package Vendor: ARM
                http://www.keil.com/pack/ARM.CMSIS.5.9.0.pack
                ARM.CMSIS.5.9.0
                CMSIS (Common Microcontroller Software Interface Standard)
   * Component: CORE Version: 5.6.0

Package Vendor: Keil
                http://www.keil.com/pack/Keil.Kinetis_KLxx_DFP.1.15.0.pack
                Keil.Kinetis_KLxx_DFP.1.15.0
                NXP Kinetis KLxx Series Device Support and Examples
   * Component: Startup Version: 2.5.0

<h2>Collection of Component include folders:</h2>
  ./RTE/Device/MKL25Z128xxx4
  ./RTE/_Target_1
  C:/Users/Teoo/AppData/Local/Arm/Packs/ARM/CMSIS/5.9.0/CMSIS/Core/Include
  C:/Users/Teoo/AppData/Local/Arm/Packs/Keil/Kinetis_KLxx_DFP/1.15.0/Device/Include

<h2>Collection of Component Files used:</h2>

   * Component: ARM::CMSIS:CORE:5.6.0

   * Component: Keil::Device:Startup:2.5.0
      Source file:   Device/Source/system_MKL25Z4.c
      Include file:  Device/Source/system_MKL25Z4.h
      Source file:   Device/Source/ARM/startup_MKL25Z4.s
Build Time Elapsed:  00:00:01
</pre>
</body>
</html>
